Running suite parser
test_parsing.c:73:F:Precondition:test_parse_closed:0: Early exit with return value 0
test_parsing.c:101:P:General:test_consumes_until_newline:0: Passed
test_parsing.c:112:P:General:test_consumes_until_eof:0: Passed
test_parsing.c:126:P:Valid:test_empty:0: Passed
test_parsing.c:161:P:Valid:test_command:0: Passed
test_parsing.c:184:P:Valid:test_command_with_args:0: Passed
test_parsing.c:204:P:Valid:test_command_background:0: Passed
test_parsing.c:226:P:Valid:test_command_redir_in:0: Passed
test_parsing.c:249:P:Valid:test_command_redir_out:0: Passed
test_parsing.c:273:P:Valid:test_command_redir_both:0: Passed
test_parsing.c:301:P:Valid:test_pipe_simple:0: Passed
test_parsing.c:331:P:Valid:test_pipe_with_args:0: Passed
test_parsing.c:361:P:Valid:test_pipe_background:0: Passed
test_parsing.c:57:P:Valid:test_non_alphabetic_args:0: Passed
test_parsing.c:57:P:Valid:test_many_args:0: Passed
Results for all suites run:
93%: Checks: 15, Failures: 1, Errors: 0
